MAP
	NAME "Treasure Island 20180228"
	STATUS ON
	SIZE 1000 1000
	EXTENT 439300 7109000 440100 7110200

	IMAGETYPE png
	UNITS DD

	PROJECTION
		"init=epsg:3857"
	END

	WEB
		IMAGEPATH "/var/www/is.icecaves.map/map_tmp"
		IMAGEURL "/map_tmp/"
		METADATA
			'wms_enable_request' '*'
			'wms_srs' 'EPSG:32628'
			#'wms_srs' 'EPSG:32628 EPSG:4326 EPSG:3857'
		END #METADATA
	END #WEB

#####
	LAYER
		NAME 'anakonda_20180317_dsm'
		TYPE RASTER
		STATUS ON
		EXTENT -1814636.983 9372197.199 -1813438.037 9373544.086
		DATA /var/www/is.icecaves.map/mapdata/dsm_20180317_hillshade.tif
		PROCESSING "RESAMPLE=AVERAGE"
		PROJECTION
			"init=epsg:3857"
		END

	END #LAYER
	LAYER
		NAME 'anakonda_20180317'
		TYPE RASTER
		STATUS ON
		EXTENT -1814636.983 9372199.902 -1813440.26 9373544.039
		TILEINDEX /var/www/is.icecaves.map/mapdata/anakonda_20180317_3857_tiles_jpeg/anakonda_20180317_tileIndex.shp
		TILEITEM "LOCATION"
		PROCESSING "RESAMPLE=AVERAGE"
		PROJECTION
			"init=epsg:3857"
		END

	END #LAYER
#####
	LAYER
		NAME 'treasure_20180401'
		TYPE RASTER
		STATUS ON
		EXTENT -1809283.127 9376979.716 -1806849.970 9378631.077
		TILEINDEX /var/www/is.icecaves.map/mapdata/treasure_20180401_3857_tiles_jpeg/tileIndex.shp
		TILEITEM "LOCATION"
		PROCESSING "RESAMPLE=AVERAGE"
		PROJECTION
			"init=epsg:3857"
		END

	END #LAYER
#####
	LAYER
		NAME 'treasure_20180228_dsm'
		TYPE RASTER
		STATUS ON
		EXTENT -1808327.483 9377224.861 -1806828.439 9378505.592
		DATA /var/www/is.icecaves.map/mapdata/dsm_20180228_hillshade.tif
		PROCESSING "RESAMPLE=AVERAGE"
		PROJECTION
			"init=epsg:3857"
		END

	END #LAYER
	LAYER
		NAME 'treasure_20180228'
		TYPE RASTER
		STATUS ON
		EXTENT -1808314.163 9377218.672 -1806829.430 9378488.433
		TILEINDEX /var/www/is.icecaves.map/mapdata/treasure_20180228_3857_tiles_jpeg/tileIndex.shp
		TILEITEM "LOCATION"
		PROCESSING "RESAMPLE=AVERAGE"
		PROJECTION
			"init=epsg:3857"
		END

	END #LAYER
#####
	LAYER
		NAME 'treasure_20171211'
		TYPE RASTER
		STATUS ON
		EXTENT -1807519.312 9377719.331 -1807152.628 9378027.591
		TILEINDEX /var/www/is.icecaves.map/mapdata/treasure_20171211_3857_tiles_jpeg/treasure_20171211_tileIndex.shp
		TILEITEM "LOCATION"
		PROCESSING "RESAMPLE=AVERAGE"
		PROJECTION
			"init=epsg:3857"
		END

	END #LAYER
#####
	LAYER
		NAME 'heinaberg_20180531'
		TYPE RASTER
		STATUS ON
		EXTENT -1749372.106 9423958.437 -1742823.105 9427937.081
		TILEINDEX /var/www/is.icecaves.map/mapdata/heinaberg_20180531_3857_tiles_jpeg/heinaberg_20180531_tileIndex.shp
		TILEITEM "LOCATION"
		PROCESSING "RESAMPLE=AVERAGE"
		PROJECTION
			"init=epsg:3857"
		END

	END #LAYER
#####
	LAYER
		NAME 'heinaberg_20180719'
		TYPE RASTER
		STATUS ON
		EXTENT -1751036.133 9424069.48 -1744365.938 9427546.391
		TILEINDEX /var/www/is.icecaves.map/mapdata/heinaberg_20180719_tiles/heinaberg_20180719.shp
		TILEITEM "LOCATION"
		PROCESSING "RESAMPLE=AVERAGE"
		PROJECTION
			"init=epsg:3857"
		END

	END #LAYER
	
#####
	LAYER
		NAME 'treasure_20180604'
		TYPE RASTER
		STATUS ON
		EXTENT -1810035.813 9377099.447 -1806825.132 9378942.309
		TILEINDEX /var/www/is.icecaves.map/mapdata/treasure_20180604_3857_tiles_jpeg/treasure_20180604_tileIndex.shp
		TILEITEM "LOCATION"
		PROCESSING "RESAMPLE=AVERAGE"
		PROJECTION
			"init=epsg:3857"
		END

	END #LAYER
#####
	LAYER
		NAME 'treasure_20180713'
		TYPE RASTER
		STATUS ON
		EXTENT -1809304.555 9377281.594 -1806845.776 9378852.344
		TILEINDEX /var/www/is.icecaves.map/mapdata/treasure_20180713_3857_tiles_jpeg/tileIndex.shp
		TILEITEM "LOCATION"
		PROCESSING "RESAMPLE=AVERAGE"
		PROJECTION
			"init=epsg:3857"
		END

	END #LAYER
#####
	LAYER
		NAME 'treasure_20180802'
		TYPE RASTER
		STATUS ON
		EXTENT -1809421.478 9377079.907 -1806666.316 9378798.001
		TILEINDEX /var/www/is.icecaves.map/mapdata/treasure_20180802_3857_tiles_jpeg/tileIndex.shp
		TILEITEM "LOCATION"
		PROCESSING "RESAMPLE=AVERAGE"
		PROJECTION
			"init=epsg:3857"
		END

	END #LAYER
#####
	LAYER
		NAME 'treasure_20181101'
		TYPE RASTER
		STATUS ON
		EXTENT -1809035.814 9377317.855 -1806513.539 9378388.807
		TILEINDEX /var/www/is.icecaves.map/mapdata/treasure_20181101/tileIndex.shp
		TILEITEM "LOCATION"
		PROCESSING "RESAMPLE=AVERAGE"
		PROJECTION
			"init=epsg:3857"
		END

	END #LAYER
#####
	LAYER
		NAME 'treasure_20181122'
		TYPE RASTER
		STATUS ON
		EXTENT -1809119.928 9377223.438 -1805971.983 9378762.046
		TILEINDEX /var/www/is.icecaves.map/mapdata/treasure_20181122/tileIndex.shp
		TILEITEM "LOCATION"
		PROCESSING "RESAMPLE=AVERAGE"
		PROJECTION
			"init=epsg:3857"
		END

	END #LAYER
#####
	LAYER
		NAME 'treasure_20181221'
		TYPE RASTER
		STATUS ON
		EXTENT -1809024.808 9377170.800 -1806497.515 9378733.064
		TILEINDEX /var/www/is.icecaves.map/mapdata/treasure_20181221/tileIndex.shp
		TILEITEM "LOCATION"
		PROCESSING "RESAMPLE=AVERAGE"
		PROJECTION
			"init=epsg:3857"
		END

	END #LAYER
#####
	LAYER
		NAME 'treasure_20190124'
		TYPE RASTER
		STATUS ON
		EXTENT -1809046.125397 9377234.250400 -1806515.2332 9378677.326993
		TILEINDEX /var/www/is.icecaves.map/mapdata/treasure_20190124/tileIndex.shp
		TILEITEM "LOCATION"
		PROCESSING "RESAMPLE=AVERAGE"
		PROJECTION
			"init=epsg:3857"
		END

	END #LAYER
#####
	LAYER
		NAME 'treasure_20190224'
		TYPE RASTER
		STATUS ON
		EXTENT -1809080.226 9377163.681 -1806477.144 9378915.457
		TILEINDEX /var/www/is.icecaves.map/mapdata/treasure_20190224/tileIndex.shp
		TILEITEM "LOCATION"
		PROCESSING "RESAMPLE=AVERAGE"
		PROJECTION
			"init=epsg:3857"
		END

	END #LAYER
#####
	LAYER
		NAME 'treasure_20190321'
		TYPE RASTER
		STATUS ON
		EXTENT -1809313.620429 9377152.054304 -1806558.164386 9378938.489448
		TILEINDEX /var/www/is.icecaves.map/mapdata/treasure_20190321/tileIndex.shp
		TILEITEM "LOCATION"
		PROCESSING "RESAMPLE=AVERAGE"
		PROJECTION
			"init=epsg:3857"
		END

	END #LAYER
#####
END #MAP
