MAP
	NAME "Treasure Island 20180228"
	STATUS ON
	SIZE 1000 1000
	EXTENT 439300 7109000 440100 7110200

	IMAGETYPE png
	UNITS DD

	PROJECTION
		"init=epsg:3857"
	END

	WEB
		IMAGEPATH "/var/www/is.icecaves.map/map_tmp"
		IMAGEURL "/map_tmp/"
		METADATA
			'wms_enable_request' '*'
			'wms_srs' 'EPSG:32628'
			#'wms_srs' 'EPSG:32628 EPSG:4326 EPSG:3857'
		END #METADATA
	END #WEB

	LAYER
		NAME 'treasure_20180228'
		TYPE RASTER
		STATUS ON
		EXTENT -1808319.163 9377229.672 -1806834.430 9378499.433
		TILEINDEX /var/www/is.icecaves.map/mapdata/treasure_20180228_3857_tiles_jpeg/1/treasure_20180228_tileIndex.shp
		TILEITEM "LOCATION"
		PROCESSING "RESAMPLE=AVERAGE"
		PROJECTION
			"init=epsg:3857"
		END

	END #LAYER
	LAYER
		NAME 'treasure_20171211'
		TYPE RASTER
		STATUS ON
		EXTENT -1807519.312 9377719.331 -1807152.628 9378027.591
		TILEINDEX /var/www/is.icecaves.map/mapdata/treasure_20171211_3857_tiles_jpeg/treasure_20171211_tileIndex.shp
		TILEITEM "LOCATION"
		PROCESSING "RESAMPLE=AVERAGE"
		PROJECTION
			"init=epsg:3857"
		END

	END #LAYER
END #MAP
